<?xml version="1.0" encoding="UTF-8"?>
<TestRun id="b5fc2f86-76c0-44d5-a595-7fccabf7d36b" name="VARUN@VARUN-PC 2012-09-19 17:58:08" runUser="VARUN-PC\VARUN" xmlns="http://microsoft.com/schemas/VisualStudio/TeamTest/2010">
  <TestSettings name="Local" id="05a5b19c-dd11-4618-8666-3ecd6f4adb0e">
    <Description>These are default test settings for a local test run.</Description>
    <Deployment enabled="false" runDeploymentRoot="VARUN_VARUN-PC 2012-09-19 17_58_08" />
    <Execution>
      <TestTypeSpecific />
      <AgentRule name="Execution Agents">
      </AgentRule>
    </Execution>
  </TestSettings>
  <Times creation="2012-09-19T17:58:08.6371707+08:00" queuing="2012-09-19T17:58:08.9725523+08:00" start="2012-09-19T17:58:09.0325583+08:00" finish="2012-09-19T17:58:09.3605999+08:00" />
  <ResultSummary outcome="Completed">
    <Counters total="1" executed="1" passed="1" error="0" failed="0" timeout="0" aborted="0" inconclusive="0" passedButRunAborted="0" notRunnable="0" notExecuted="0" disconnected="0" warning="0" completed="0" inProgress="0" pending="0" />
  </ResultSummary>
  <TestDefinitions>
    <UnitTest name="TestMethod1" storage="d:\vg's stuff\nus\4th year i\cs2103\whiteboard\cs2103aug12-t15-4s\whiteboard\whiteboardtest\bin\debug\whiteboardtest.dll" id="4bf52977-bdf4-72d4-ede9-927e5f441540">
      <Execution id="f65fa366-94b1-4e3b-a8ee-68a345b1c761" />
      <TestMethod codeBase="D:/Vg's Stuff/NUS/4th Year I/CS2103/Whiteboard/cs2103aug12-t15-4s/WhiteBoard/WhiteboardTest/bin/Debug/WhiteboardTest.DLL" adapterTypeName="Microsoft.VisualStudio.TestTools.TestTypes.Unit.UnitTestAdapter, Microsoft.VisualStudio.QualityTools.Tips.UnitTest.Adapter, Version=10.0.0.0, Culture=neutral, PublicKeyToken=b03f5f7f11d50a3a" className="WhiteboardTest.UnitTest1, WhiteboardTest, Version=1.0.0.0, Culture=neutral, PublicKeyToken=null" name="TestMethod1" />
    </UnitTest>
  </TestDefinitions>
  <TestLists>
    <TestList name="Results Not in a List" id="8c84fa94-04c1-424b-9868-57a2d4851a1d" />
    <TestList name="All Loaded Results" id="19431567-8539-422a-85d7-44ee4e166bda" />
  </TestLists>
  <TestEntries>
    <TestEntry testId="4bf52977-bdf4-72d4-ede9-927e5f441540" executionId="f65fa366-94b1-4e3b-a8ee-68a345b1c761" testListId="8c84fa94-04c1-424b-9868-57a2d4851a1d" />
  </TestEntries>
  <Results>
    <UnitTestResult executionId="f65fa366-94b1-4e3b-a8ee-68a345b1c761" testId="4bf52977-bdf4-72d4-ede9-927e5f441540" testName="TestMethod1" computerName="VARUN-PC" duration="00:00:00.0138043" startTime="2012-09-19T17:58:09.0405596+08:00" endTime="2012-09-19T17:58:09.3335969+08:00" testType="13cdc9d9-ddb5-4fa4-a97d-d965ccfc6d4b" outcome="Passed" testListId="8c84fa94-04c1-424b-9868-57a2d4851a1d" relativeResultsDirectory="f65fa366-94b1-4e3b-a8ee-68a345b1c761">
    </UnitTestResult>
  </Results>
</TestRun>